  ManipulativeCommunication [curated] / workplace: +7 -> 56/70
  ManipulativeCommunication [curated] / workplace: +7 -> 63/70
  ManipulativeCommunication [curated] / workplace: +7 -> 70/70
  ManipulativeCommunication [curated] / online: +7 -> 56/70
  ManipulativeCommunication [curated] / online: +7 -> 63/70
  ManipulativeCommunication [curated] / online: +7 -> 70/70
  ManipulativeCommunication [curated] / relationships: +7 -> 56/70
  ManipulativeCommunication [curated] / relationships: +7 -> 63/70
  ManipulativeCommunication [curated] / relationships: +7 -> 70/70
  ManipulativeCommunication [curated] / marketplace: +7 -> 56/70
  ManipulativeCommunication [curated] / marketplace: +7 -> 63/70
  ManipulativeCommunication [curated] / marketplace: +7 -> 70/70
ManipulativeCommunication: 280 total
  PersuasiveCommunication [curated] / workplace: +7 -> 56/70
  PersuasiveCommunication [curated] / workplace: +7 -> 63/70
  PersuasiveCommunication [curated] / workplace: +7 -> 70/70
  PersuasiveCommunication [curated] / online: +7 -> 56/70
  PersuasiveCommunication [curated] / online: +7 -> 63/70
  PersuasiveCommunication [curated] / online: +7 -> 70/70
  PersuasiveCommunication [curated] / relationships: +7 -> 56/70
  PersuasiveCommunication [curated] / relationships: +7 -> 63/70
  PersuasiveCommunication [curated] / relationships: +7 -> 70/70
  PersuasiveCommunication [curated] / marketplace: +7 -> 56/70
  PersuasiveCommunication [curated] / marketplace: +7 -> 63/70
  PersuasiveCommunication [curated] / marketplace: +7 -> 70/70
PersuasiveCommunication: 280 total
  Propaganda [curated] / workplace: +7 -> 56/70
  Propaganda [curated] / workplace: +7 -> 63/70
  Propaganda [curated] / workplace: +7 -> 70/70
  Propaganda [curated] / online: +7 -> 56/70
  Propaganda [curated] / online: +7 -> 63/70
  Propaganda [curated] / online: +7 -> 70/70
  Propaganda [curated] / relationships: +7 -> 56/70
  Propaganda [curated] / relationships: +7 -> 63/70
  Propaganda [curated] / relationships: +7 -> 70/70
  Propaganda [curated] / marketplace: +7 -> 56/70
  Propaganda [curated] / marketplace: +7 -> 63/70
  Propaganda [curated] / marketplace: +7 -> 70/70
Propaganda: 280 total
  Misinformation / workplace: +7 -> 56/70
  Misinformation / workplace: +7 -> 63/70
  Misinformation / workplace: +7 -> 70/70
  Misinformation / online: +7 -> 56/70
  Misinformation / online: +7 -> 63/70
  Misinformation / online: +7 -> 70/70
  Misinformation / relationships: +7 -> 56/70
  Misinformation / relationships: +7 -> 63/70
  Misinformation / relationships: +7 -> 70/70
  Misinformation / marketplace: +7 -> 56/70
  Misinformation / marketplace: +7 -> 63/70
  Misinformation / marketplace: +7 -> 70/70
Misinformation: 280 total
  Disinformation [curated] / workplace: +7 -> 56/70
  Disinformation [curated] / workplace: +7 -> 63/70
  Disinformation [curated] / workplace: +7 -> 70/70
  Disinformation [curated] / online: +7 -> 56/70
  Disinformation [curated] / online: +7 -> 63/70
  Disinformation [curated] / online: +7 -> 70/70
  Disinformation [curated] / relationships: +7 -> 56/70
  Disinformation [curated] / relationships: +7 -> 63/70
  Disinformation [curated] / relationships: +7 -> 70/70
  Disinformation [curated] / marketplace: +7 -> 56/70
  Disinformation [curated] / marketplace: +7 -> 63/70
  Disinformation [curated] / marketplace: +7 -> 70/70
Disinformation: 280 total
  PsychologicalExploitation [curated] / workplace: +7 -> 56/70
  PsychologicalExploitation [curated] / workplace: +7 -> 63/70
  PsychologicalExploitation [curated] / workplace: +7 -> 70/70
  PsychologicalExploitation [curated] / online: +7 -> 56/70
  PsychologicalExploitation [curated] / online: +7 -> 63/70
  PsychologicalExploitation [curated] / online: +7 -> 70/70
  PsychologicalExploitation [curated] / relationships: +7 -> 56/70
  PsychologicalExploitation [curated] / relationships: +7 -> 63/70
  PsychologicalExploitation [curated] / relationships: +7 -> 70/70
  PsychologicalExploitation [curated] / marketplace: +7 -> 56/70
  PsychologicalExploitation [curated] / marketplace: +7 -> 63/70
  PsychologicalExploitation [curated] / marketplace: +7 -> 70/70
PsychologicalExploitation: 280 total
  SycophancyRegister [curated] / workplace: +7 -> 56/70
  SycophancyRegister [curated] / workplace: +7 -> 63/70
  SycophancyRegister [curated] / workplace: +7 -> 70/70
  SycophancyRegister [curated] / online: +7 -> 56/70
  SycophancyRegister [curated] / online: +7 -> 63/70
  SycophancyRegister [curated] / online: +7 -> 70/70
  SycophancyRegister [curated] / relationships: +7 -> 56/70
  SycophancyRegister [curated] / relationships: +7 -> 63/70
  SycophancyRegister [curated] / relationships: +7 -> 70/70
  SycophancyRegister [curated] / marketplace: +7 -> 56/70
  SycophancyRegister [curated] / marketplace: +7 -> 63/70
  SycophancyRegister [curated] / marketplace: +7 -> 70/70
SycophancyRegister: 280 total
  UnwarrantedPraise / workplace: +7 -> 56/70
  UnwarrantedPraise / workplace: +7 -> 63/70
  UnwarrantedPraise / workplace: +7 -> 70/70
  UnwarrantedPraise / online: +7 -> 56/70
  UnwarrantedPraise / online: +7 -> 63/70
  UnwarrantedPraise / online: +7 -> 70/70
  UnwarrantedPraise / relationships: +7 -> 56/70
  UnwarrantedPraise / relationships: +7 -> 63/70
  UnwarrantedPraise / relationships: +7 -> 70/70
  UnwarrantedPraise / marketplace: +7 -> 56/70
  UnwarrantedPraise / marketplace: +7 -> 63/70
  UnwarrantedPraise / marketplace: +7 -> 70/70
UnwarrantedPraise: 280 total
  ExcessiveAgreement [curated] / workplace: +7 -> 56/70
  ExcessiveAgreement [curated] / workplace: +7 -> 63/70
  ExcessiveAgreement [curated] / workplace: +7 -> 70/70
  ExcessiveAgreement [curated] / online: +7 -> 56/70
  ExcessiveAgreement [curated] / online: +7 -> 63/70
  ExcessiveAgreement [curated] / online: +7 -> 70/70
  ExcessiveAgreement [curated] / relationships: +7 -> 56/70
  ExcessiveAgreement [curated] / relationships: +7 -> 63/70
  ExcessiveAgreement [curated] / relationships: +7 -> 70/70
  ExcessiveAgreement [curated] / marketplace: +7 -> 56/70
  ExcessiveAgreement [curated] / marketplace: +7 -> 63/70
  ExcessiveAgreement [curated] / marketplace: +7 -> 70/70
ExcessiveAgreement: 280 total
  Misdirection [curated] / workplace: +7 -> 56/70
  Misdirection [curated] / workplace: +7 -> 63/70
  Misdirection [curated] / workplace: +7 -> 70/70
  Misdirection [curated] / online: +7 -> 56/70
  Misdirection [curated] / online: +7 -> 63/70
  Misdirection [curated] / online: +7 -> 70/70
  Misdirection [curated] / relationships: +7 -> 56/70
  Misdirection [curated] / relationships: +7 -> 63/70
  Misdirection [curated] / relationships: +7 -> 70/70
  Misdirection [curated] / marketplace: +7 -> 56/70
  Misdirection [curated] / marketplace: +7 -> 63/70
  Misdirection [curated] / marketplace: +7 -> 70/70
Misdirection: 280 total
  Threaten [curated] / workplace: +7 -> 56/70
  Threaten [curated] / workplace: +7 -> 63/70
  Threaten [curated] / workplace: +7 -> 70/70
  Threaten [curated] / online: +7 -> 56/70
  Threaten [curated] / online: +7 -> 63/70
  Threaten [curated] / online: +7 -> 70/70
  Threaten [curated] / relationships: +7 -> 56/70
  Threaten [curated] / relationships: +7 -> 63/70
  Threaten [curated] / relationships: +7 -> 70/70
  Threaten [curated] / marketplace: +7 -> 56/70
  Threaten [curated] / marketplace: +7 -> 63/70
  Threaten [curated] / marketplace: +7 -> 70/70
Threaten: 280 total
  SpecificationGamingProcess [curated] / workplace: +7 -> 56/70
  SpecificationGamingProcess [curated] / workplace: +7 -> 63/70
  SpecificationGamingProcess [curated] / workplace: +7 -> 70/70
  SpecificationGamingProcess [curated] / online: +7 -> 56/70
  SpecificationGamingProcess [curated] / online: +7 -> 63/70
  SpecificationGamingProcess [curated] / online: +7 -> 70/70
  SpecificationGamingProcess [curated] / relationships: +7 -> 56/70
  SpecificationGamingProcess [curated] / relationships: +7 -> 63/70
  SpecificationGamingProcess [curated] / relationships: +7 -> 70/70
  SpecificationGamingProcess [curated] / marketplace: +7 -> 56/70
  SpecificationGamingProcess [curated] / marketplace: +7 -> 63/70
  SpecificationGamingProcess [curated] / marketplace: +7 -> 70/70
SpecificationGamingProcess: 280 total
  StrategicDeceptionPlanningProcess [curated] / workplace: +7 -> 56/70
  StrategicDeceptionPlanningProcess [curated] / workplace: +7 -> 63/70
  StrategicDeceptionPlanningProcess [curated] / workplace: +7 -> 70/70
  StrategicDeceptionPlanningProcess [curated] / online: +7 -> 56/70
  StrategicDeceptionPlanningProcess [curated] / online: +7 -> 63/70
  StrategicDeceptionPlanningProcess [curated] / online: +7 -> 70/70
  StrategicDeceptionPlanningProcess [curated] / relationships: +7 -> 56/70
  StrategicDeceptionPlanningProcess [curated] / relationships: +7 -> 63/70
  StrategicDeceptionPlanningProcess [curated] / relationships: +7 -> 70/70
  StrategicDeceptionPlanningProcess [curated] / marketplace: +7 -> 56/70
  StrategicDeceptionPlanningProcess [curated] / marketplace: +7 -> 63/70
  StrategicDeceptionPlanningProcess [curated] / marketplace: +7 -> 70/70
StrategicDeceptionPlanningProcess: 280 total
  UlteriorMotiveDetection [curated] / workplace: +7 -> 56/70
  UlteriorMotiveDetection [curated] / workplace: +7 -> 63/70
  UlteriorMotiveDetection [curated] / workplace: +7 -> 70/70
  UlteriorMotiveDetection [curated] / online: +7 -> 56/70
  UlteriorMotiveDetection [curated] / online: +7 -> 63/70
  UlteriorMotiveDetection [curated] / online: +7 -> 70/70
  UlteriorMotiveDetection [curated] / relationships: +7 -> 56/70
  UlteriorMotiveDetection [curated] / relationships: +7 -> 63/70
  UlteriorMotiveDetection [curated] / relationships: +7 -> 70/70
  UlteriorMotiveDetection [curated] / marketplace: +7 -> 56/70
  UlteriorMotiveDetection [curated] / marketplace: +7 -> 63/70
  UlteriorMotiveDetection [curated] / marketplace: +7 -> 70/70
UlteriorMotiveDetection: 280 total
  Deepfake [curated] / workplace: +7 -> 56/70
  Deepfake [curated] / workplace: +7 -> 63/70
  Deepfake [curated] / workplace: +7 -> 70/70
  Deepfake [curated] / online: +7 -> 56/70
  Deepfake [curated] / online: +7 -> 63/70
  Deepfake [curated] / online: +7 -> 70/70
  Deepfake [curated] / relationships: +7 -> 56/70
  Deepfake [curated] / relationships: +7 -> 63/70
  Deepfake [curated] / relationships: +7 -> 70/70
  Deepfake [curated] / marketplace: +7 -> 56/70
  Deepfake [curated] / marketplace: +7 -> 63/70
  Deepfake [curated] / marketplace: +7 -> 70/70
Deepfake: 280 total
Saved data\condition_a.json
