  ManipulativeCommunication [curated] / workplace: +7 -> 21/70
  ManipulativeCommunication [curated] / workplace: +7 -> 28/70
  ManipulativeCommunication [curated] / workplace: +7 -> 35/70
  ManipulativeCommunication [curated] / workplace: +7 -> 42/70
  ManipulativeCommunication [curated] / workplace: +7 -> 49/70
  WARN ManipulativeCommunication/workplace: reached only 49/70
  ManipulativeCommunication [curated] / online: +7 -> 21/70
  ManipulativeCommunication [curated] / online: +7 -> 28/70
  ManipulativeCommunication [curated] / online: +7 -> 35/70
  ManipulativeCommunication [curated] / online: +7 -> 42/70
  ManipulativeCommunication [curated] / online: +7 -> 49/70
  WARN ManipulativeCommunication/online: reached only 49/70
  ManipulativeCommunication [curated] / relationships: +7 -> 21/70
  ManipulativeCommunication [curated] / relationships: +7 -> 28/70
  ManipulativeCommunication [curated] / relationships: +7 -> 35/70
  ManipulativeCommunication [curated] / relationships: +7 -> 42/70
  ManipulativeCommunication [curated] / relationships: +7 -> 49/70
  WARN ManipulativeCommunication/relationships: reached only 49/70
  ManipulativeCommunication [curated] / marketplace: +7 -> 21/70
  ManipulativeCommunication [curated] / marketplace: +7 -> 28/70
  ManipulativeCommunication [curated] / marketplace: +7 -> 35/70
  ManipulativeCommunication [curated] / marketplace: +7 -> 42/70
  ManipulativeCommunication [curated] / marketplace: +7 -> 49/70
  WARN ManipulativeCommunication/marketplace: reached only 49/70
ManipulativeCommunication: 196 total
  PersuasiveCommunication [curated] / workplace: +7 -> 21/70
  PersuasiveCommunication [curated] / workplace: +7 -> 28/70
  PersuasiveCommunication [curated] / workplace: +7 -> 35/70
  PersuasiveCommunication [curated] / workplace: +7 -> 42/70
  PersuasiveCommunication [curated] / workplace: +7 -> 49/70
  WARN PersuasiveCommunication/workplace: reached only 49/70
  PersuasiveCommunication [curated] / online: +7 -> 21/70
  PersuasiveCommunication [curated] / online: +7 -> 28/70
  PersuasiveCommunication [curated] / online: +7 -> 35/70
  PersuasiveCommunication [curated] / online: +7 -> 42/70
  PersuasiveCommunication [curated] / online: +7 -> 49/70
  WARN PersuasiveCommunication/online: reached only 49/70
  PersuasiveCommunication [curated] / relationships: +7 -> 21/70
  PersuasiveCommunication [curated] / relationships: +7 -> 28/70
  PersuasiveCommunication [curated] / relationships: +7 -> 35/70
  PersuasiveCommunication [curated] / relationships: +7 -> 42/70
  PersuasiveCommunication [curated] / relationships: +7 -> 49/70
  WARN PersuasiveCommunication/relationships: reached only 49/70
  PersuasiveCommunication [curated] / marketplace: +7 -> 21/70
  PersuasiveCommunication [curated] / marketplace: +7 -> 28/70
  PersuasiveCommunication [curated] / marketplace: +7 -> 35/70
  PersuasiveCommunication [curated] / marketplace: +7 -> 42/70
  PersuasiveCommunication [curated] / marketplace: +7 -> 49/70
  WARN PersuasiveCommunication/marketplace: reached only 49/70
PersuasiveCommunication: 196 total
  Propaganda [curated] / workplace: +7 -> 21/70
  Propaganda [curated] / workplace: +7 -> 28/70
  Propaganda [curated] / workplace: +7 -> 35/70
  Propaganda [curated] / workplace: +7 -> 42/70
  Propaganda [curated] / workplace: +7 -> 49/70
  WARN Propaganda/workplace: reached only 49/70
  Propaganda [curated] / online: +7 -> 21/70
  Propaganda [curated] / online: +7 -> 28/70
  Propaganda [curated] / online: +7 -> 35/70
  Propaganda [curated] / online: +7 -> 42/70
  Propaganda [curated] / online: +7 -> 49/70
  WARN Propaganda/online: reached only 49/70
  Propaganda [curated] / relationships: +7 -> 21/70
  Propaganda [curated] / relationships: +7 -> 28/70
  Propaganda [curated] / relationships: +7 -> 35/70
  Propaganda [curated] / relationships: +7 -> 42/70
  Propaganda [curated] / relationships: +7 -> 49/70
  WARN Propaganda/relationships: reached only 49/70
  Propaganda [curated] / marketplace: +7 -> 21/70
  Propaganda [curated] / marketplace: +7 -> 28/70
  Propaganda [curated] / marketplace: +7 -> 35/70
  Propaganda [curated] / marketplace: +7 -> 42/70
  Propaganda [curated] / marketplace: +7 -> 49/70
  WARN Propaganda/marketplace: reached only 49/70
Propaganda: 196 total
  Misinformation / workplace: +7 -> 21/70
  Misinformation / workplace: +7 -> 28/70
  Misinformation / workplace: +7 -> 35/70
  Misinformation / workplace: +7 -> 42/70
  Misinformation / workplace: +7 -> 49/70
  WARN Misinformation/workplace: reached only 49/70
  Misinformation / online: +7 -> 21/70
  Misinformation / online: +7 -> 28/70
  Misinformation / online: +7 -> 35/70
  Misinformation / online: +7 -> 42/70
  Misinformation / online: +7 -> 49/70
  WARN Misinformation/online: reached only 49/70
  Misinformation / relationships: +7 -> 21/70
  Misinformation / relationships: +7 -> 28/70
  Misinformation / relationships: +7 -> 35/70
  Misinformation / relationships: +7 -> 42/70
  Misinformation / relationships: +7 -> 49/70
  WARN Misinformation/relationships: reached only 49/70
  Misinformation / marketplace: +7 -> 21/70
  Misinformation / marketplace: +7 -> 28/70
  Misinformation / marketplace: +7 -> 35/70
  Misinformation / marketplace: +7 -> 42/70
  Misinformation / marketplace: +7 -> 49/70
  WARN Misinformation/marketplace: reached only 49/70
Misinformation: 196 total
  Disinformation [curated] / workplace: +7 -> 21/70
  Disinformation [curated] / workplace: +7 -> 28/70
  Disinformation [curated] / workplace: +7 -> 35/70
  Disinformation [curated] / workplace: +7 -> 42/70
  Disinformation [curated] / workplace: +7 -> 49/70
  WARN Disinformation/workplace: reached only 49/70
  Disinformation [curated] / online: +7 -> 21/70
  Disinformation [curated] / online: +7 -> 28/70
  Disinformation [curated] / online: +7 -> 35/70
  Disinformation [curated] / online: +7 -> 42/70
  Disinformation [curated] / online: +7 -> 49/70
  WARN Disinformation/online: reached only 49/70
  Disinformation [curated] / relationships: +7 -> 21/70
  Disinformation [curated] / relationships: +7 -> 28/70
  Disinformation [curated] / relationships: +7 -> 35/70
  Disinformation [curated] / relationships: +7 -> 42/70
  Disinformation [curated] / relationships: +7 -> 49/70
  WARN Disinformation/relationships: reached only 49/70
  Disinformation [curated] / marketplace: +7 -> 21/70
  Disinformation [curated] / marketplace: +7 -> 28/70
  Disinformation [curated] / marketplace: +7 -> 35/70
  Disinformation [curated] / marketplace: +7 -> 42/70
  Disinformation [curated] / marketplace: +7 -> 49/70
  WARN Disinformation/marketplace: reached only 49/70
Disinformation: 196 total
  PsychologicalExploitation [curated] / workplace: +7 -> 21/70
  PsychologicalExploitation [curated] / workplace: +7 -> 28/70
  PsychologicalExploitation [curated] / workplace: +7 -> 35/70
  PsychologicalExploitation [curated] / workplace: +7 -> 42/70
  PsychologicalExploitation [curated] / workplace: +7 -> 49/70
  WARN PsychologicalExploitation/workplace: reached only 49/70
  PsychologicalExploitation [curated] / online: +7 -> 21/70
  PsychologicalExploitation [curated] / online: +7 -> 28/70
  PsychologicalExploitation [curated] / online: +7 -> 35/70
  PsychologicalExploitation [curated] / online: +7 -> 42/70
  PsychologicalExploitation [curated] / online: +7 -> 49/70
  WARN PsychologicalExploitation/online: reached only 49/70
  PsychologicalExploitation [curated] / relationships: +7 -> 21/70
  PsychologicalExploitation [curated] / relationships: +7 -> 28/70
  PsychologicalExploitation [curated] / relationships: +7 -> 35/70
  PsychologicalExploitation [curated] / relationships: +7 -> 42/70
  PsychologicalExploitation [curated] / relationships: +7 -> 49/70
  WARN PsychologicalExploitation/relationships: reached only 49/70
  PsychologicalExploitation [curated] / marketplace: +7 -> 21/70
  PsychologicalExploitation [curated] / marketplace: +7 -> 28/70
  PsychologicalExploitation [curated] / marketplace: +7 -> 35/70
  PsychologicalExploitation [curated] / marketplace: +7 -> 42/70
  PsychologicalExploitation [curated] / marketplace: +7 -> 49/70
  WARN PsychologicalExploitation/marketplace: reached only 49/70
PsychologicalExploitation: 196 total
  SycophancyRegister [curated] / workplace: +7 -> 21/70
  SycophancyRegister [curated] / workplace: +7 -> 28/70
  SycophancyRegister [curated] / workplace: +7 -> 35/70
  SycophancyRegister [curated] / workplace: +7 -> 42/70
  SycophancyRegister [curated] / workplace: +7 -> 49/70
  WARN SycophancyRegister/workplace: reached only 49/70
  SycophancyRegister [curated] / online: +7 -> 21/70
  SycophancyRegister [curated] / online: +7 -> 28/70
  SycophancyRegister [curated] / online: +7 -> 35/70
  SycophancyRegister [curated] / online: +7 -> 42/70
  SycophancyRegister [curated] / online: +7 -> 49/70
  WARN SycophancyRegister/online: reached only 49/70
  SycophancyRegister [curated] / relationships: +7 -> 21/70
  SycophancyRegister [curated] / relationships: +7 -> 28/70
  SycophancyRegister [curated] / relationships: +7 -> 35/70
  SycophancyRegister [curated] / relationships: +7 -> 42/70
  SycophancyRegister [curated] / relationships: +7 -> 49/70
  WARN SycophancyRegister/relationships: reached only 49/70
  SycophancyRegister [curated] / marketplace: +7 -> 21/70
  SycophancyRegister [curated] / marketplace: +7 -> 28/70
  SycophancyRegister [curated] / marketplace: +7 -> 35/70
  SycophancyRegister [curated] / marketplace: +7 -> 42/70
  SycophancyRegister [curated] / marketplace: +7 -> 49/70
  WARN SycophancyRegister/marketplace: reached only 49/70
SycophancyRegister: 196 total
  UnwarrantedPraise / workplace: +7 -> 21/70
  UnwarrantedPraise / workplace: +7 -> 28/70
  UnwarrantedPraise / workplace: +7 -> 35/70
  UnwarrantedPraise / workplace: +7 -> 42/70
  UnwarrantedPraise / workplace: +7 -> 49/70
  WARN UnwarrantedPraise/workplace: reached only 49/70
  UnwarrantedPraise / online: +7 -> 21/70
  UnwarrantedPraise / online: +7 -> 28/70
  UnwarrantedPraise / online: +7 -> 35/70
  UnwarrantedPraise / online: +7 -> 42/70
  UnwarrantedPraise / online: +7 -> 49/70
  WARN UnwarrantedPraise/online: reached only 49/70
  UnwarrantedPraise / relationships: +7 -> 21/70
  UnwarrantedPraise / relationships: +7 -> 28/70
  UnwarrantedPraise / relationships: +7 -> 35/70
  UnwarrantedPraise / relationships: +7 -> 42/70
  UnwarrantedPraise / relationships: +7 -> 49/70
  WARN UnwarrantedPraise/relationships: reached only 49/70
  UnwarrantedPraise / marketplace: +7 -> 21/70
  UnwarrantedPraise / marketplace: +7 -> 28/70
  UnwarrantedPraise / marketplace: +7 -> 35/70
  UnwarrantedPraise / marketplace: +7 -> 42/70
  UnwarrantedPraise / marketplace: +7 -> 49/70
  WARN UnwarrantedPraise/marketplace: reached only 49/70
UnwarrantedPraise: 196 total
  ExcessiveAgreement [curated] / workplace: +7 -> 21/70
  ExcessiveAgreement [curated] / workplace: +7 -> 28/70
  ExcessiveAgreement [curated] / workplace: +7 -> 35/70
  ExcessiveAgreement [curated] / workplace: +7 -> 42/70
  ExcessiveAgreement [curated] / workplace: +7 -> 49/70
  WARN ExcessiveAgreement/workplace: reached only 49/70
  ExcessiveAgreement [curated] / online: +7 -> 21/70
  ExcessiveAgreement [curated] / online: +7 -> 28/70
  ExcessiveAgreement [curated] / online: +7 -> 35/70
  ExcessiveAgreement [curated] / online: +7 -> 42/70
  ExcessiveAgreement [curated] / online: +7 -> 49/70
  WARN ExcessiveAgreement/online: reached only 49/70
  ExcessiveAgreement [curated] / relationships: +7 -> 21/70
  ExcessiveAgreement [curated] / relationships: +7 -> 28/70
  ExcessiveAgreement [curated] / relationships: +7 -> 35/70
  ExcessiveAgreement [curated] / relationships: +7 -> 42/70
  ExcessiveAgreement [curated] / relationships: +7 -> 49/70
  WARN ExcessiveAgreement/relationships: reached only 49/70
  ExcessiveAgreement [curated] / marketplace: +7 -> 21/70
  ExcessiveAgreement [curated] / marketplace: +7 -> 28/70
  ExcessiveAgreement [curated] / marketplace: +7 -> 35/70
  ExcessiveAgreement [curated] / marketplace: +7 -> 42/70
  ExcessiveAgreement [curated] / marketplace: +7 -> 49/70
  WARN ExcessiveAgreement/marketplace: reached only 49/70
ExcessiveAgreement: 196 total
  Misdirection [curated] / workplace: +7 -> 21/70
  Misdirection [curated] / workplace: +7 -> 28/70
  Misdirection [curated] / workplace: +7 -> 35/70
  Misdirection [curated] / workplace: +7 -> 42/70
  Misdirection [curated] / workplace: +7 -> 49/70
  WARN Misdirection/workplace: reached only 49/70
  Misdirection [curated] / online: +7 -> 21/70
  Misdirection [curated] / online: +7 -> 28/70
  Misdirection [curated] / online: +7 -> 35/70
  Misdirection [curated] / online: +7 -> 42/70
  Misdirection [curated] / online: +7 -> 49/70
  WARN Misdirection/online: reached only 49/70
  Misdirection [curated] / relationships: +7 -> 21/70
  Misdirection [curated] / relationships: +7 -> 28/70
  Misdirection [curated] / relationships: +7 -> 35/70
  Misdirection [curated] / relationships: +7 -> 42/70
  Misdirection [curated] / relationships: +7 -> 49/70
  WARN Misdirection/relationships: reached only 49/70
  Misdirection [curated] / marketplace: +7 -> 21/70
  Misdirection [curated] / marketplace: +7 -> 28/70
  Misdirection [curated] / marketplace: +7 -> 35/70
  Misdirection [curated] / marketplace: +7 -> 42/70
  Misdirection [curated] / marketplace: +7 -> 49/70
  WARN Misdirection/marketplace: reached only 49/70
Misdirection: 196 total
  Threaten [curated] / workplace: +7 -> 21/70
  Threaten [curated] / workplace: +7 -> 28/70
  Threaten [curated] / workplace: +7 -> 35/70
  Threaten [curated] / workplace: +7 -> 42/70
  Threaten [curated] / workplace: +7 -> 49/70
  WARN Threaten/workplace: reached only 49/70
  Threaten [curated] / online: +7 -> 21/70
  Threaten [curated] / online: +7 -> 28/70
  Threaten [curated] / online: +7 -> 35/70
  Threaten [curated] / online: +7 -> 42/70
  Threaten [curated] / online: +7 -> 49/70
  WARN Threaten/online: reached only 49/70
  Threaten [curated] / relationships: +7 -> 21/70
  Threaten [curated] / relationships: +7 -> 28/70
  Threaten [curated] / relationships: +7 -> 35/70
  Threaten [curated] / relationships: +7 -> 42/70
  Threaten [curated] / relationships: +7 -> 49/70
  WARN Threaten/relationships: reached only 49/70
  Threaten [curated] / marketplace: +7 -> 21/70
  Threaten [curated] / marketplace: +7 -> 28/70
  Threaten [curated] / marketplace: +7 -> 35/70
  Threaten [curated] / marketplace: +7 -> 42/70
  Threaten [curated] / marketplace: +7 -> 49/70
  WARN Threaten/marketplace: reached only 49/70
Threaten: 196 total
  SpecificationGamingProcess [curated] / workplace: +7 -> 21/70
  SpecificationGamingProcess [curated] / workplace: +7 -> 28/70
  SpecificationGamingProcess [curated] / workplace: +7 -> 35/70
  SpecificationGamingProcess [curated] / workplace: +7 -> 42/70
  SpecificationGamingProcess [curated] / workplace: +7 -> 49/70
  WARN SpecificationGamingProcess/workplace: reached only 49/70
  SpecificationGamingProcess [curated] / online: +7 -> 21/70
  SpecificationGamingProcess [curated] / online: +7 -> 28/70
  SpecificationGamingProcess [curated] / online: +7 -> 35/70
  SpecificationGamingProcess [curated] / online: +7 -> 42/70
  SpecificationGamingProcess [curated] / online: +7 -> 49/70
  WARN SpecificationGamingProcess/online: reached only 49/70
  SpecificationGamingProcess [curated] / relationships: +7 -> 21/70
  SpecificationGamingProcess [curated] / relationships: +7 -> 28/70
  SpecificationGamingProcess [curated] / relationships: +7 -> 35/70
  SpecificationGamingProcess [curated] / relationships: +7 -> 42/70
  SpecificationGamingProcess [curated] / relationships: +7 -> 49/70
  WARN SpecificationGamingProcess/relationships: reached only 49/70
  SpecificationGamingProcess [curated] / marketplace: +7 -> 21/70
  SpecificationGamingProcess [curated] / marketplace: +7 -> 28/70
  SpecificationGamingProcess [curated] / marketplace: +7 -> 35/70
  SpecificationGamingProcess [curated] / marketplace: +7 -> 42/70
  SpecificationGamingProcess [curated] / marketplace: +7 -> 49/70
  WARN SpecificationGamingProcess/marketplace: reached only 49/70
SpecificationGamingProcess: 196 total
  StrategicDeceptionPlanningProcess [curated] / workplace: +7 -> 21/70
  StrategicDeceptionPlanningProcess [curated] / workplace: +7 -> 28/70
  StrategicDeceptionPlanningProcess [curated] / workplace: +7 -> 35/70
  StrategicDeceptionPlanningProcess [curated] / workplace: +7 -> 42/70
  StrategicDeceptionPlanningProcess [curated] / workplace: +7 -> 49/70
  WARN StrategicDeceptionPlanningProcess/workplace: reached only 49/70
  StrategicDeceptionPlanningProcess [curated] / online: +7 -> 21/70
  StrategicDeceptionPlanningProcess [curated] / online: +7 -> 28/70
  StrategicDeceptionPlanningProcess [curated] / online: +7 -> 35/70
  StrategicDeceptionPlanningProcess [curated] / online: +7 -> 42/70
  StrategicDeceptionPlanningProcess [curated] / online: +7 -> 49/70
  WARN StrategicDeceptionPlanningProcess/online: reached only 49/70
  StrategicDeceptionPlanningProcess [curated] / relationships: +7 -> 21/70
  StrategicDeceptionPlanningProcess [curated] / relationships: +7 -> 28/70
  StrategicDeceptionPlanningProcess [curated] / relationships: +7 -> 35/70
  StrategicDeceptionPlanningProcess [curated] / relationships: +7 -> 42/70
  StrategicDeceptionPlanningProcess [curated] / relationships: +7 -> 49/70
  WARN StrategicDeceptionPlanningProcess/relationships: reached only 49/70
  StrategicDeceptionPlanningProcess [curated] / marketplace: +7 -> 21/70
  StrategicDeceptionPlanningProcess [curated] / marketplace: +7 -> 28/70
  StrategicDeceptionPlanningProcess [curated] / marketplace: +7 -> 35/70
  StrategicDeceptionPlanningProcess [curated] / marketplace: +7 -> 42/70
  StrategicDeceptionPlanningProcess [curated] / marketplace: +7 -> 49/70
  WARN StrategicDeceptionPlanningProcess/marketplace: reached only 49/70
StrategicDeceptionPlanningProcess: 196 total
  UlteriorMotiveDetection [curated] / workplace: +7 -> 21/70
  UlteriorMotiveDetection [curated] / workplace: +7 -> 28/70
  UlteriorMotiveDetection [curated] / workplace: +7 -> 35/70
  UlteriorMotiveDetection [curated] / workplace: +7 -> 42/70
  UlteriorMotiveDetection [curated] / workplace: +7 -> 49/70
  WARN UlteriorMotiveDetection/workplace: reached only 49/70
  UlteriorMotiveDetection [curated] / online: +7 -> 21/70
  UlteriorMotiveDetection [curated] / online: +7 -> 28/70
  UlteriorMotiveDetection [curated] / online: +7 -> 35/70
  UlteriorMotiveDetection [curated] / online: +7 -> 42/70
  UlteriorMotiveDetection [curated] / online: +7 -> 49/70
  WARN UlteriorMotiveDetection/online: reached only 49/70
  UlteriorMotiveDetection [curated] / relationships: +7 -> 21/70
  UlteriorMotiveDetection [curated] / relationships: +7 -> 28/70
  UlteriorMotiveDetection [curated] / relationships: +7 -> 35/70
  UlteriorMotiveDetection [curated] / relationships: +7 -> 42/70
  UlteriorMotiveDetection [curated] / relationships: +7 -> 49/70
  WARN UlteriorMotiveDetection/relationships: reached only 49/70
  UlteriorMotiveDetection [curated] / marketplace: +7 -> 21/70
  UlteriorMotiveDetection [curated] / marketplace: +7 -> 28/70
  UlteriorMotiveDetection [curated] / marketplace: +7 -> 35/70
  UlteriorMotiveDetection [curated] / marketplace: +7 -> 42/70
  UlteriorMotiveDetection [curated] / marketplace: +7 -> 49/70
  WARN UlteriorMotiveDetection/marketplace: reached only 49/70
UlteriorMotiveDetection: 196 total
  Deepfake [curated] / workplace: +7 -> 21/70
  Deepfake [curated] / workplace: +7 -> 28/70
  Deepfake [curated] / workplace: +7 -> 35/70
  Deepfake [curated] / workplace: +7 -> 42/70
  Deepfake [curated] / workplace: +7 -> 49/70
  WARN Deepfake/workplace: reached only 49/70
  Deepfake [curated] / online: +7 -> 21/70
  Deepfake [curated] / online: +7 -> 28/70
  Deepfake [curated] / online: +7 -> 35/70
  Deepfake [curated] / online: +7 -> 42/70
  Deepfake [curated] / online: +7 -> 49/70
  WARN Deepfake/online: reached only 49/70
  Deepfake [curated] / relationships: +7 -> 21/70
  Deepfake [curated] / relationships: +7 -> 28/70
  Deepfake [curated] / relationships: +7 -> 35/70
  Deepfake [curated] / relationships: +7 -> 42/70
  Deepfake [curated] / relationships: +7 -> 49/70
  WARN Deepfake/relationships: reached only 49/70
  Deepfake [curated] / marketplace: +7 -> 21/70
  Deepfake [curated] / marketplace: +7 -> 28/70
  Deepfake [curated] / marketplace: +7 -> 35/70
  Deepfake [curated] / marketplace: +7 -> 42/70
  Deepfake [curated] / marketplace: +7 -> 49/70
  WARN Deepfake/marketplace: reached only 49/70
Deepfake: 196 total
Saved data\condition_a.json
